* nat
-N CODESEALER_INBOUND
-N CODESEALER_REDIRECT
-N CODESEALER_IN_REDIRECT
-N CODESEALER_OUTPUT
-A CODESEALER_INBOUND -p tcp --dport 15008 -j RETURN
-A CODESEALER_REDIRECT -p tcp -j REDIRECT --to-ports 15001
-A CODESEALER_IN_REDIRECT -p tcp -j REDIRECT --to-ports 15006
-A PREROUTING -p tcp -j CODESEALER_INBOUND
-A CODESEALER_INBOUND -p tcp --dport 22 -j RETURN
-A CODESEALER_INBOUND -p tcp --dport 15020 -j RETURN
-A CODESEALER_INBOUND -p tcp --dport 15021 -j RETURN
-A CODESEALER_INBOUND -p tcp --dport 15090 -j RETURN
-A CODESEALER_INBOUND -p tcp -j CODESEALER_IN_REDIRECT
-A OUTPUT -p tcp -j CODESEALER_OUTPUT
-A CODESEALER_OUTPUT -p tcp --dport 15020 -j RETURN
-A CODESEALER_OUTPUT -o lo -s 127.0.0.6/32 -j RETURN
-A CODESEALER_OUTPUT -o lo ! -d 127.0.0.1/32 -m owner --uid-owner 1337 -j CODESEALER_IN_REDIRECT
-A CODESEALER_OUTPUT -o lo -m owner ! --uid-owner 1337 -j RETURN
-A CODESEALER_OUTPUT -m owner --uid-owner 1337 -j RETURN
-A CODESEALER_OUTPUT -o lo ! -d 127.0.0.1/32 -m owner --gid-owner 1337 -j CODESEALER_IN_REDIRECT
-A CODESEALER_OUTPUT -o lo -m owner ! --gid-owner 1337 -j RETURN
-A CODESEALER_OUTPUT -m owner --gid-owner 1337 -j RETURN
-A CODESEALER_OUTPUT -d 127.0.0.1/32 -j RETURN
-A CODESEALER_OUTPUT -j CODESEALER_REDIRECT
COMMIT
